開始局面 50 個 × 先後 = 100 局(済み 0、残り 100)、持ち時間 1000ms、同時 2 局
[1/100] 局面 0 A後手 → A勝ち(38手 B illegal)  1分経過
[2/100] 局面 0 A先手 → A勝ち(57手 A win)  1分経過
[3/100] 局面 1 A先手 → A勝ち(49手 A win)  1分経過
[4/100] 局面 1 A後手 → A勝ち(52手 A win)  1分経過
[5/100] 局面 2 A先手 → A勝ち(55手 A win)  2分経過
[6/100] 局面 2 A後手 → A負け(53手 B win)  2分経過
[7/100] 局面 3 A先手 → A勝ち(37手 B illegal)  2分経過
[8/100] 局面 3 A後手 → A負け(57手 B win)  2分経過
[9/100] 局面 4 A先手 → A勝ち(51手 A win)  3分経過
[10/100] 局面 4 A後手 → A負け(63手 B win)  3分経過
[11/100] 局面 5 A先手 → A負け(62手 B win)  3分経過
[12/100] 局面 5 A後手 → A勝ち(54手 A win)  4分経過
[13/100] 局面 6 A先手 → A負け(54手 B win)  4分経過
[14/100] 局面 6 A後手 → A勝ち(52手 A win)  4分経過
[15/100] 局面 7 A先手 → A負け(62手 B win)  5分経過
[16/100] 局面 7 A後手 → A負け(61手 B win)  5分経過
[17/100] 局面 8 A先手 → A負け(56手 B win)  5分経過
[18/100] 局面 8 A後手 → A勝ち(54手 A win)  5分経過
[19/100] 局面 9 A先手 → A勝ち(53手 A win)  6分経過
[20/100] 局面 9 A後手 → A負け(63手 B win)  6分経過
[21/100] 局面10 A先手 → A勝ち(39手 A win)  6分経過
[22/100] 局面10 A後手 → A負け(57手 B win)  7分経過
[23/100] 局面11 A先手 → A勝ち(53手 A win)  7分経過
[24/100] 局面11 A後手 → A勝ち(28手 B illegal)  7分経過
[25/100] 局面12 A先手 → A勝ち(47手 A win)  7分経過
[26/100] 局面12 A後手 → A勝ち(50手 A win)  8分経過
[27/100] 局面13 A先手 → A勝ち(51手 A win)  8分経過
[28/100] 局面13 A後手 → A勝ち(50手 A win)  8分経過
[29/100] 局面14 A先手 → A負け(62手 B win)  9分経過
[30/100] 局面14 A後手 → A勝ち(56手 A win)  9分経過
[31/100] 局面15 A先手 → A勝ち(57手 A win)  9分経過
[32/100] 局面15 A後手 → A勝ち(56手 A win)  9分経過
[33/100] 局面16 A先手 → A勝ち(55手 A win)  10分経過
[34/100] 局面16 A後手 → A負け(55手 B win)  10分経過
[35/100] 局面17 A先手 → A勝ち(59手 A win)  10分経過
[36/100] 局面17 A後手 → A負け(63手 B win)  11分経過
[37/100] 局面18 A先手 → A勝ち(55手 A win)  11分経過
[38/100] 局面18 A後手 → A負け(61手 B win)  11分経過
[39/100] 局面19 A先手 → A勝ち(51手 A win)  12分経過
[40/100] 局面20 A先手 → A勝ち(27手 A win)  12分経過
[41/100] 局面19 A後手 → A負け(59手 B win)  12分経過
[42/100] 局面20 A後手 → A勝ち(32手 A win)  12分経過
[43/100] 局面21 A後手 → A勝ち(28手 B illegal)  12分経過
[44/100] 局面21 A先手 → A勝ち(51手 A win)  13分経過
[45/100] 局面22 A後手 → A勝ち(38手 A win)  13分経過
[46/100] 局面22 A先手 → A勝ち(55手 A win)  13分経過
[47/100] 局面23 A後手 → A勝ち(24手 B illegal)  13分経過
[48/100] 局面23 A先手 → A負け(58手 B win)  14分経過
[49/100] 局面24 A後手 → A勝ち(44手 A win)  14分経過
[50/100] 局面24 A先手 → A勝ち(53手 A win)  14分経過
[51/100] 局面25 A先手 → A勝ち(31手 A win)  14分経過
[52/100] 局面25 A後手 → A勝ち(46手 A win)  14分経過
[53/100] 局面26 A先手 → A勝ち(59手 A win)  15分経過
[54/100] 局面26 A後手 → A負け(61手 B win)  15分経過
[55/100] 局面27 A先手 → A負け(60手 B win)  15分経過
[56/100] 局面27 A後手 → A負け(57手 B win)  16分経過
[57/100] 局面28 A先手 → A勝ち(45手 A win)  16分経過
[58/100] 局面28 A後手 → A勝ち(36手 A win)  16分経過
[59/100] 局面29 A先手 → A勝ち(35手 A win)  16分経過
[60/100] 局面29 A後手 → A勝ち(38手 A win)  16分経過
[61/100] 局面30 A先手 → A勝ち(51手 A win)  17分経過
[62/100] 局面30 A後手 → A勝ち(36手 A win)  17分経過
[63/100] 局面31 A先手 → A勝ち(33手 A win)  17分経過
[64/100] 局面31 A後手 → A勝ち(50手 A win)  17分経過
[65/100] 局面32 A先手 → A勝ち(51手 A win)  18分経過
[66/100] 局面32 A後手 → A勝ち(34手 A win)  18分経過
[67/100] 局面33 A先手 → A負け(58手 B win)  18分経過
[68/100] 局面33 A後手 → A負け(63手 B win)  18分経過
[69/100] 局面34 A先手 → A勝ち(57手 A win)  19分経過
[70/100] 局面34 A後手 → A勝ち(50手 A win)  19分経過
[71/100] 局面35 A先手 → A勝ち(55手 A win)  19分経過
[72/100] 局面35 A後手 → A負け(61手 B win)  20分経過
[73/100] 局面36 A先手 → A勝ち(57手 A win)  20分経過
[74/100] 局面36 A後手 → A負け(61手 B win)  20分経過
[75/100] 局面37 A先手 → A負け(58手 B win)  21分経過
[76/100] 局面37 A後手 → A勝ち(58手 A win)  21分経過
[77/100] 局面38 A先手 → A勝ち(55手 A win)  21分経過
[78/100] 局面38 A後手 → A負け(63手 B win)  22分経過
[79/100] 局面39 A先手 → A勝ち(59手 A win)  22分経過
[80/100] 局面39 A後手 → A勝ち(60手 A win)  22分経過
[81/100] 局面40 A後手 → A勝ち(40手 A win)  23分経過
[82/100] 局面40 A先手 → A勝ち(59手 A win)  23分経過
[83/100] 局面41 A先手 → A勝ち(41手 A win)  23分経過
[84/100] 局面41 A後手 → A勝ち(58手 A win)  23分経過
[85/100] 局面42 A先手 → A勝ち(43手 A win)  23分経過
[86/100] 局面42 A後手 → A勝ち(34手 A win)  24分経過
[87/100] 局面43 A後手 → A勝ち(30手 A win)  24分経過
[88/100] 局面43 A先手 → A勝ち(59手 A win)  24分経過
[89/100] 局面44 A先手 → A勝ち(25手 A win)  24分経過
[90/100] 局面44 A後手 → A負け(59手 B win)  25分経過
[91/100] 局面45 A先手 → A負け(56手 B win)  25分経過
[92/100] 局面45 A後手 → A勝ち(54手 A win)  25分経過
[93/100] 局面46 A先手 → A負け(58手 B win)  25分経過
[94/100] 局面47 A先手 → A勝ち(33手 A win)  26分経過
[95/100] 局面46 A後手 → A勝ち(38手 A win)  26分経過
[96/100] 局面48 A先手 → A負け(60手 B win)  26分経過
[97/100] 局面47 A後手 → A勝ち(54手 A win)  26分経過
[98/100] 局面48 A後手 → A勝ち(58手 A win)  27分経過
[99/100] 局面49 A先手 → A負け(64手 B win)  27分経過
[100/100] 局面49 A後手 → A勝ち(54手 A win)  27分経過
100局: A 70勝 30敗 0分  得点率 70.0%(95%区間 61.0〜79.0%)  Elo差 +147
終わり方: A win 65、B illegal 5、B win 30
1手の思考時間  A 平均 653ms・最大 1098ms / B 平均 710ms・最大 1130ms
